2025-04-22 20:03:00,436 - INFO - Controlador iniciado.
2025-04-22 20:04:25,348 - INFO - Solicitud recibida - Acción: registrar, Correlation ID: bb590d3f-b0c8-419e-b191-8b62705ced84
2025-04-22 20:04:25,348 - INFO - Recibida solicitud de registro para usuario: cliente ejemplo_1745345065
2025-04-22 20:04:25,348 - INFO - Nuevo cliente registrado con ID: c539b9ce-26e1-42ae-8337-024c8a6da5b8
2025-04-22 20:04:25,349 - INFO - Clientes guardados en clientes.json
2025-04-22 20:04:25,349 - INFO - Respuesta enviada con correlation_id bb590d3f-b0c8-419e-b191-8b62705ced84: {'exito': True, 'mensaje': 'Usuario registrado correctamente', 'cliente_id': 'c539b9ce-26e1-42ae-8337-024c8a6da5b8'}
2025-04-22 20:04:25,450 - INFO - Solicitud recibida - Acción: login, Correlation ID: fd263725-4e63-4c9d-9154-ec1ef5349ccd
2025-04-22 20:04:25,450 - INFO - Recibida solicitud de login para usuario: cliente ejemplo_1745345065
2025-04-22 20:04:25,450 - INFO - Usuario cliente ejemplo_1745345065 autenticado correctamente
2025-04-22 20:04:25,451 - INFO - Respuesta enviada con correlation_id fd263725-4e63-4c9d-9154-ec1ef5349ccd: {'exito': True, 'mensaje': 'Autenticación exitosa', 'cliente_id': 'c539b9ce-26e1-42ae-8337-024c8a6da5b8', 'cliente_username': 'cliente ejemplo_1745345065'}
2025-04-22 20:04:25,552 - INFO - Solicitud recibida - Acción: hacer_pedido, Correlation ID: 420ad48d-a6ae-4ea0-acb5-93bb427e857f
2025-04-22 20:04:25,552 - INFO - Solicitud de pedido recibida de cliente c539b9ce-26e1-42ae-8337-024c8a6da5b8
2025-04-22 20:04:25,553 - INFO - Pedidos guardados en pedidos.json
2025-04-22 20:04:25,553 - INFO - Mensaje enviado a robot: Move 284fc742-2b52-43b7-88d4-b22d9e8946c8 Leche
2025-04-22 20:04:25,553 - INFO - Mensaje enviado a robot: Move 284fc742-2b52-43b7-88d4-b22d9e8946c8 Pepino
2025-04-22 20:04:25,554 - INFO - Mensaje enviado a robot: Move 284fc742-2b52-43b7-88d4-b22d9e8946c8 Galletas
2025-04-22 20:04:25,554 - INFO - Pedidos guardados en pedidos.json
2025-04-22 20:04:25,555 - INFO - Respuesta enviada con correlation_id 420ad48d-a6ae-4ea0-acb5-93bb427e857f: {'exito': True, 'mensaje': 'Pedido recibido con ID: 284fc742-2b52-43b7-88d4-b22d9e8946c8. Contiene 3 productos.', 'pedido_id': '284fc742-2b52-43b7-88d4-b22d9e8946c8'}
2025-04-22 20:04:26,655 - INFO - Solicitud recibida - Acción: ver_pedidos, Correlation ID: f2f93f09-df25-46bb-8eb5-5eb6bee66363
2025-04-22 20:04:26,655 - INFO - Solicitud para ver pedidos de cliente c539b9ce-26e1-42ae-8337-024c8a6da5b8
2025-04-22 20:04:26,656 - INFO - Respuesta enviada con correlation_id f2f93f09-df25-46bb-8eb5-5eb6bee66363: {'exito': True, 'pedidos': [{'id': '284fc742-2b52-43b7-88d4-b22d9e8946c8', 'productos': ['Leche', 'Pepino', 'Galletas'], 'fecha': '2025-04-22 20:04:25', 'estado': 'en_almacen'}]}
2025-04-22 20:04:27,757 - INFO - Solicitud recibida - Acción: ver_pedidos, Correlation ID: c5a0474a-c312-4c22-a5c0-076f0a523967
2025-04-22 20:04:27,758 - INFO - Solicitud para ver pedidos de cliente c539b9ce-26e1-42ae-8337-024c8a6da5b8
2025-04-22 20:04:27,758 - INFO - Respuesta enviada con correlation_id c5a0474a-c312-4c22-a5c0-076f0a523967: {'exito': True, 'pedidos': [{'id': '284fc742-2b52-43b7-88d4-b22d9e8946c8', 'productos': ['Leche', 'Pepino', 'Galletas'], 'fecha': '2025-04-22 20:04:25', 'estado': 'en_almacen'}]}
2025-04-22 20:04:27,859 - INFO - Solicitud recibida - Acción: cancelar_pedido, Correlation ID: 452d41a7-1ffb-4c4f-94e3-18b8692e2738
2025-04-22 20:04:27,860 - INFO - Solicitud para cancelar pedido 284fc742-2b52-43b7-88d4-b22d9e8946c8 de cliente c539b9ce-26e1-42ae-8337-024c8a6da5b8
2025-04-22 20:04:27,860 - INFO - Pedidos guardados en pedidos.json
2025-04-22 20:04:27,861 - INFO - Respuesta enviada con correlation_id 452d41a7-1ffb-4c4f-94e3-18b8692e2738: {'exito': True, 'mensaje': 'Pedido cancelado exitosamente. Los productos han vuelto al almacén.'}
2025-04-22 20:04:32,154 - INFO - Respuesta de robot recibida: MOVED 284fc742-2b52-43b7-88d4-b22d9e8946c8 Leche
2025-04-22 20:04:32,154 - INFO - Pedido 284fc742-2b52-43b7-88d4-b22d9e8946c8 ya está cancelado, ignorando respuesta.
2025-04-22 20:04:40,115 - INFO - Respuesta de robot recibida: MOVED 284fc742-2b52-43b7-88d4-b22d9e8946c8 Pepino
2025-04-22 20:04:40,115 - INFO - Pedido 284fc742-2b52-43b7-88d4-b22d9e8946c8 ya está cancelado, ignorando respuesta.
2025-04-22 20:04:45,785 - INFO - Respuesta de robot recibida: MOVED 284fc742-2b52-43b7-88d4-b22d9e8946c8 Galletas
2025-04-22 20:04:45,786 - INFO - Pedido 284fc742-2b52-43b7-88d4-b22d9e8946c8 ya está cancelado, ignorando respuesta.
2025-04-22 20:32:46,129 - INFO - Controlador detenido.
